// Jest Snapshot v1, https://goo.gl/fbAQLP

exports[`App Renders Correctly 1`] = `
<DocumentFragment>
  <div
    class="app"
  >
    <img
      alt="Nasa Logo"
      class="nasa-logo"
      src="https://cdn.cnn.com/cnnnext/dam/assets/200424060716-nasa-worm-logo.jpg"
    />
    <div>
      <form>
        <input
          class="search"
          placeholder="Enter keywords..."
          type="text"
          value=""
        />
        <button
          class="search-button"
          type="submit"
        >
          Go!
        </button>
      </form>
    </div>
    <div
      class="search-results-container"
    >
      <div
        class="image-grid"
      />
    </div>
  </div>
</DocumentFragment>
`;
